---
source: crates/engine/query-solver/src/tests/abstract_types.rs
expression: "digraph {\n    0 [ label = \"root\" ]\n    1 [ label = \"Root#products\", color=royalblue,shape=parallelogram ]\n    2 [ label = \"Query.products\" ]\n    3 [ label = \"Product.id\" ]\n    4 [ label = \"FedEntity#reviews\", color=royalblue,shape=parallelogram ]\n    5 [ label = \"Book.reviews\" ]\n    6 [ label = \"Review.product\" ]\n    7 [ label = \"FedEntity#magazines\", color=royalblue,shape=parallelogram ]\n    8 [ label = \"Magazine.title\" ]\n    9 [ label = \"Book.reviewsCount\" ]\n    10 [ label = \"*Magazine.id\" ]\n    11 [ label = \"FedEntity#products\", color=royalblue,shape=parallelogram ]\n    12 [ label = \"Book.sku\" ]\n    13 [ label = \"*Book.id\" ]\n    14 [ label = \"FedEntity#products\", color=royalblue,shape=parallelogram ]\n    15 [ label = \"Magazine.sku\" ]\n    16 [ label = \"*Book.id\" ]\n    17 [ label = \"FedEntity#reviews\", color=royalblue,shape=parallelogram ]\n    18 [ label = \"Magazine.reviews\" ]\n    19 [ label = \"Review.product\" ]\n    20 [ label = \"FedEntity#magazines\", color=royalblue,shape=parallelogram ]\n    21 [ label = \"Magazine.title\" ]\n    22 [ label = \"Book.reviewsCount\" ]\n    23 [ label = \"*Magazine.id\" ]\n    24 [ label = \"FedEntity#products\", color=royalblue,shape=parallelogram ]\n    25 [ label = \"Book.sku\" ]\n    26 [ label = \"*Book.id\" ]\n    27 [ label = \"FedEntity#products\", color=royalblue,shape=parallelogram ]\n    28 [ label = \"Magazine.sku\" ]\n    29 [ label = \"*Magazine.id\" ]\n    0 -> 1 [ label = \"\", color=royalblue,fontcolor=royalblue ]\n    27 -> 23 [ label = \"\", color=orangered,arrowhead=inv ]\n    2 -> 3 [ label = \"\" ]\n    2 -> 4 [ label = \"\", color=royalblue,fontcolor=royalblue ]\n    1 -> 2 [ label = \"\" ]\n    5 -> 6 [ label = \"\" ]\n    6 -> 7 [ label = \"\", color=royalblue,fontcolor=royalblue ]\n    17 -> 18 [ label = \"\" ]\n    6 -> 9 [ label = \"\" ]\n    6 -> 10 [ label = \"\" ]\n    6 -> 11 [ label = \"\", color=royalblue,fontcolor=royalblue ]\n    4 -> 5 [ label = \"\" ]\n    6 -> 13 [ label = \"\" ]\n    6 -> 14 [ label = \"\", color=royalblue,fontcolor=royalblue ]\n    20 -> 23 [ label = \"\", color=orangered,arrowhead=inv ]\n    2 -> 16 [ label = \"\" ]\n    2 -> 17 [ label = \"\", color=royalblue,fontcolor=royalblue ]\n    24 -> 26 [ label = \"\", color=orangered,arrowhead=inv ]\n    18 -> 19 [ label = \"\" ]\n    19 -> 20 [ label = \"\", color=royalblue,fontcolor=royalblue ]\n    14 -> 15 [ label = \"\" ]\n    19 -> 22 [ label = \"\" ]\n    19 -> 23 [ label = \"\" ]\n    19 -> 24 [ label = \"\", color=royalblue,fontcolor=royalblue ]\n    11 -> 12 [ label = \"\" ]\n    19 -> 26 [ label = \"\" ]\n    19 -> 27 [ label = \"\", color=royalblue,fontcolor=royalblue ]\n    7 -> 8 [ label = \"\" ]\n    2 -> 29 [ label = \"\" ]\n    4 -> 16 [ label = \"\", color=orangered,arrowhead=inv ]\n    7 -> 10 [ label = \"\", color=orangered,arrowhead=inv ]\n    11 -> 13 [ label = \"\", color=orangered,arrowhead=inv ]\n    14 -> 10 [ label = \"\", color=orangered,arrowhead=inv ]\n    17 -> 29 [ label = \"\", color=orangered,arrowhead=inv ]\n    20 -> 21 [ label = \"\" ]\n    24 -> 25 [ label = \"\" ]\n    27 -> 28 [ label = \"\" ]\n}\n"
---
digraph {
    0 [ label = "root" ]
    1 [ label = "Root#products" ]
    2 [ label = "Query.products" ]
    3 [ label = "Product.id" ]
    4 [ label = "FedEntity#reviews" ]
    5 [ label = "Book.reviews" ]
    6 [ label = "Review.product" ]
    7 [ label = "FedEntity#magazines" ]
    8 [ label = "Magazine.title" ]
    9 [ label = "Book.reviewsCount" ]
    10 [ label = "*Magazine.id" ]
    11 [ label = "FedEntity#products" ]
    12 [ label = "Book.sku" ]
    13 [ label = "*Book.id" ]
    14 [ label = "FedEntity#products" ]
    15 [ label = "Magazine.sku" ]
    16 [ label = "*Book.id" ]
    17 [ label = "FedEntity#reviews" ]
    18 [ label = "Magazine.reviews" ]
    19 [ label = "Review.product" ]
    20 [ label = "FedEntity#magazines" ]
    21 [ label = "Magazine.title" ]
    22 [ label = "Book.reviewsCount" ]
    23 [ label = "*Magazine.id" ]
    24 [ label = "FedEntity#products" ]
    25 [ label = "Book.sku" ]
    26 [ label = "*Book.id" ]
    27 [ label = "FedEntity#products" ]
    28 [ label = "Magazine.sku" ]
    29 [ label = "*Magazine.id" ]
    0 -> 1 [ label = "QueryPartition" ]
    27 -> 23 [ label = "RequiredBySubgraph" ]
    2 -> 3 [ label = "Field" ]
    2 -> 4 [ label = "QueryPartition" ]
    1 -> 2 [ label = "Field" ]
    5 -> 6 [ label = "Field" ]
    6 -> 7 [ label = "QueryPartition" ]
    17 -> 18 [ label = "Field" ]
    6 -> 9 [ label = "Field" ]
    6 -> 10 [ label = "Field" ]
    6 -> 11 [ label = "QueryPartition" ]
    4 -> 5 [ label = "Field" ]
    6 -> 13 [ label = "Field" ]
    6 -> 14 [ label = "QueryPartition" ]
    20 -> 23 [ label = "RequiredBySubgraph" ]
    2 -> 16 [ label = "Field" ]
    2 -> 17 [ label = "QueryPartition" ]
    24 -> 26 [ label = "RequiredBySubgraph" ]
    18 -> 19 [ label = "Field" ]
    19 -> 20 [ label = "QueryPartition" ]
    14 -> 15 [ label = "Field" ]
    19 -> 22 [ label = "Field" ]
    19 -> 23 [ label = "Field" ]
    19 -> 24 [ label = "QueryPartition" ]
    11 -> 12 [ label = "Field" ]
    19 -> 26 [ label = "Field" ]
    19 -> 27 [ label = "QueryPartition" ]
    7 -> 8 [ label = "Field" ]
    2 -> 29 [ label = "Field" ]
    4 -> 16 [ label = "RequiredBySubgraph" ]
    7 -> 10 [ label = "RequiredBySubgraph" ]
    11 -> 13 [ label = "RequiredBySubgraph" ]
    14 -> 10 [ label = "RequiredBySubgraph" ]
    17 -> 29 [ label = "RequiredBySubgraph" ]
    20 -> 21 [ label = "Field" ]
    24 -> 25 [ label = "Field" ]
    27 -> 28 [ label = "Field" ]
}
