---
source: crates/engine/query-solver/src/tests/sibling_dependencies.rs
expression: "digraph {\n    0 [ label = \"root\" ]\n    1 [ label = \"Root#accounts\", color=royalblue,shape=parallelogram ]\n    2 [ label = \"Query.me\" ]\n    3 [ label = \"User.cart\" ]\n    4 [ label = \"Cart.products\" ]\n    5 [ label = \"FedEntity#reviews\", color=royalblue,shape=parallelogram ]\n    6 [ label = \"Product.reviews\" ]\n    7 [ label = \"Review.body\" ]\n    8 [ label = \"Review.author\" ]\n    9 [ label = \"FedEntity#accounts\", color=royalblue,shape=parallelogram ]\n    10 [ label = \"User.username\" ]\n    11 [ label = \"User.id\" ]\n    12 [ label = \"FedEntity#products\", color=royalblue,shape=parallelogram ]\n    13 [ label = \"Product.price\" ]\n    14 [ label = \"*Product.upc\" ]\n    15 [ label = \"*Product.name\" ]\n    16 [ label = \"User.username\" ]\n    17 [ label = \"User.id\" ]\n    0 -> 1 [ label = \"\", color=royalblue,fontcolor=royalblue ]\n    1 -> 2 [ label = \"\" ]\n    2 -> 3 [ label = \"\" ]\n    3 -> 4 [ label = \"\" ]\n    4 -> 5 [ label = \"\", color=royalblue,fontcolor=royalblue ]\n    5 -> 6 [ label = \"\" ]\n    6 -> 7 [ label = \"\" ]\n    6 -> 8 [ label = \"\" ]\n    8 -> 9 [ label = \"\", color=royalblue,fontcolor=royalblue ]\n    9 -> 10 [ label = \"\" ]\n    8 -> 11 [ label = \"\" ]\n    4 -> 12 [ label = \"\", color=royalblue,fontcolor=royalblue ]\n    12 -> 13 [ label = \"\" ]\n    12 -> 14 [ label = \"\" ]\n    4 -> 15 [ label = \"\" ]\n    2 -> 16 [ label = \"\" ]\n    2 -> 17 [ label = \"\" ]\n    5 -> 14 [ label = \"\", color=orangered,arrowhead=inv ]\n    9 -> 11 [ label = \"\", color=orangered,arrowhead=inv ]\n    12 -> 15 [ label = \"\", color=orangered,arrowhead=inv ]\n}\n"
---
digraph {
    0 [ label = "root" ]
    1 [ label = "Root#accounts" ]
    2 [ label = "Query.me" ]
    3 [ label = "User.cart" ]
    4 [ label = "Cart.products" ]
    5 [ label = "FedEntity#reviews" ]
    6 [ label = "Product.reviews" ]
    7 [ label = "Review.body" ]
    8 [ label = "Review.author" ]
    9 [ label = "FedEntity#accounts" ]
    10 [ label = "User.username" ]
    11 [ label = "User.id" ]
    12 [ label = "FedEntity#products" ]
    13 [ label = "Product.price" ]
    14 [ label = "*Product.upc" ]
    15 [ label = "*Product.name" ]
    16 [ label = "User.username" ]
    17 [ label = "User.id" ]
    0 -> 1 [ label = "QueryPartition" ]
    1 -> 2 [ label = "Field" ]
    2 -> 3 [ label = "Field" ]
    3 -> 4 [ label = "Field" ]
    4 -> 5 [ label = "QueryPartition" ]
    5 -> 6 [ label = "Field" ]
    6 -> 7 [ label = "Field" ]
    6 -> 8 [ label = "Field" ]
    8 -> 9 [ label = "QueryPartition" ]
    9 -> 10 [ label = "Field" ]
    8 -> 11 [ label = "Field" ]
    4 -> 12 [ label = "QueryPartition" ]
    12 -> 13 [ label = "Field" ]
    12 -> 14 [ label = "Field" ]
    4 -> 15 [ label = "Field" ]
    2 -> 16 [ label = "Field" ]
    2 -> 17 [ label = "Field" ]
    5 -> 14 [ label = "RequiredBySubgraph" ]
    9 -> 11 [ label = "RequiredBySubgraph" ]
    12 -> 15 [ label = "RequiredBySubgraph" ]
}
