---
source: crates/engine/query-solver/src/tests/interface.rs
expression: "digraph {\n    0 [ label = \"root\" ]\n    1 [ label = \"User.age\" ]\n    3 [ label = \"Query.users\" ]\n    4 [ label = \"Root#a\", shape=parallelogram, color=dodgerblue ]\n    5 [ label = \"users#a\", shape=box, color=dodgerblue ]\n    6 [ label = \"age#a\", shape=box, color=dodgerblue ]\n    7 [ label = \"NodeWithName.username\" ]\n    8 [ label = \"FedEntity#b\", shape=parallelogram, color=dodgerblue ]\n    9 [ label = \"username#b\", shape=box, color=dodgerblue ]\n    10 [ label = \"*NodeWithName.id\" ]\n    11 [ label = \"id#a\", shape=box, color=dodgerblue ]\n    0 -> 3 [ label = \"\" ]\n    0 -> 4 [ label = \"\", color=royalblue,fontcolor=royalblue ]\n    0 -> 4 [ label = \"\", style=dashed,arrowhead=none ]\n    4 -> 5 [ label = \"\", color=royalblue,fontcolor=royalblue ]\n    5 -> 3 [ label = \"\", color=violet,arrowhead=none ]\n    3 -> 1 [ label = \"\" ]\n    5 -> 6 [ label = \"\", color=royalblue,fontcolor=royalblue ]\n    6 -> 1 [ label = \"\", color=violet,arrowhead=none ]\n    3 -> 7 [ label = \"\" ]\n    5 -> 8 [ label = \"\", color=royalblue,fontcolor=royalblue ]\n    3 -> 8 [ label = \"\", style=dashed,arrowhead=none ]\n    8 -> 9 [ label = \"\", color=royalblue,fontcolor=royalblue ]\n    9 -> 7 [ label = \"\", color=violet,arrowhead=none ]\n    8 -> 10 [ label = \"\", color=orangered,arrowhead=inv ]\n    3 -> 10 [ label = \"\" ]\n    5 -> 11 [ label = \"\", color=royalblue,fontcolor=royalblue ]\n    11 -> 10 [ label = \"\", color=violet,arrowhead=none ]\n}\n"
---
digraph {
    0 [ root]
    1 [ User.age]
    3 [ Query.users]
    4 [ Root#a]
    5 [ users#a]
    6 [ age#a]
    7 [ NodeWithName.username]
    8 [ FedEntity#b]
    9 [ username#b]
    10 [ *NodeWithName.id]
    11 [ id#a]
    0 -> 3 [ label = "Field" ]
    0 -> 4 [ label = "CreateChildResolver" ]
    0 -> 4 [ label = "HasChildResolver" ]
    4 -> 5 [ label = "CanProvide" ]
    5 -> 3 [ label = "Provides" ]
    3 -> 1 [ label = "Field" ]
    5 -> 6 [ label = "CanProvide" ]
    6 -> 1 [ label = "Provides" ]
    3 -> 7 [ label = "Field" ]
    5 -> 8 [ label = "CreateChildResolver" ]
    3 -> 8 [ label = "HasChildResolver" ]
    8 -> 9 [ label = "CanProvide" ]
    9 -> 7 [ label = "Provides" ]
    8 -> 10 [ label = "Requires" ]
    3 -> 10 [ label = "Field" ]
    5 -> 11 [ label = "CanProvide" ]
    11 -> 10 [ label = "Provides" ]
}
