---
source: crates/engine/query-solver/src/tests/interface.rs
expression: "digraph {\n    0 [ label = \"root\", color=forestgreen ]\n    1 [ label = \"age\", color=forestgreen ]\n    2 [ label = \"Root#a\", shape=parallelogram, color=dodgerblue, color=forestgreen ]\n    3 [ label = \"users#a\", shape=box, color=dodgerblue, color=forestgreen ]\n    4 [ label = \"age#a\", shape=box, color=dodgerblue, color=forestgreen ]\n    5 [ label = \"username\", color=forestgreen ]\n    6 [ label = \"FedEntity#b\", shape=parallelogram, color=dodgerblue, color=forestgreen ]\n    7 [ label = \"username#b\", shape=box, color=dodgerblue, color=forestgreen ]\n    8 [ label = \"*id\", color=forestgreen ]\n    9 [ label = \"id#a\", shape=box, color=dodgerblue, color=forestgreen ]\n    10 [ label=\"\", style=dashed]\n    0 -> 2 [ label = \"\", color=forestgreen,fontcolor=forestgreen ]\n    2 -> 3 [ label = \"\", color=forestgreen,fontcolor=forestgreen ]\n    3 -> 4 [ label = \"\", color=forestgreen,fontcolor=forestgreen ]\n    4 -> 1 [ label = \"\", color=forestgreen,fontcolor=forestgreen ]\n    3 -> 6 [ label = \"\", color=forestgreen,fontcolor=forestgreen ]\n    6 -> 7 [ label = \"\", color=forestgreen,fontcolor=forestgreen ]\n    7 -> 5 [ label = \"\", color=forestgreen,fontcolor=forestgreen ]\n    3 -> 9 [ label = \"\", color=forestgreen,fontcolor=forestgreen ]\n    9 -> 8 [ label = \"\", color=forestgreen,fontcolor=forestgreen ]\n    10 -> 0 [ label = \"\", color=royalblue,fontcolor=royalblue,style=dashed ]\n}\n"
---
digraph {
    0 [ label = "root", steiner=1 ]
    1 [ label = "age", steiner=1 ]
    2 [ label = "Root#a", steiner=1 ]
    3 [ label = "users#a", steiner=1 ]
    4 [ label = "age#a", steiner=1 ]
    5 [ label = "username", steiner=1 ]
    6 [ label = "FedEntity#b", steiner=1 ]
    7 [ label = "username#b", steiner=1 ]
    8 [ label = "*id", steiner=1 ]
    9 [ label = "id#a", steiner=1 ]
    10 [ label="", style=dashed]
    0 -> 2 [ cost=0, steiner=1]
    2 -> 3 [ cost=0, steiner=1]
    3 -> 4 [ cost=0, steiner=1]
    4 -> 1 [ cost=0, steiner=1]
    3 -> 6 [ cost=0, steiner=1]
    6 -> 7 [ cost=0, steiner=1]
    7 -> 5 [ cost=0, steiner=1]
    3 -> 9 [ cost=0, steiner=1]
    9 -> 8 [ cost=0, steiner=1]
    10 -> 0 [ cost=0, steiner=0]
}
