---
source: crates/engine/query-solver/src/tests/abstract_types.rs
expression: "digraph {\n    0 [ label = \"root\" ]\n    1 [ label = \"Product.id\" ]\n    3 [ label = \"Self.email\" ]\n    4 [ label = \"Agency.id\" ]\n    5 [ label = \"Agency.companyName\" ]\n    6 [ label = \"Book.publisherType\" ]\n    8 [ label = \"Self.email\" ]\n    9 [ label = \"Agency.id\" ]\n    10 [ label = \"Agency.companyName\" ]\n    11 [ label = \"Magazine.publisherType\" ]\n    12 [ label = \"Query.products\" ]\n    13 [ label = \"Root#products\", shape=parallelogram, color=dodgerblue ]\n    14 [ label = \"products#products\", shape=box, color=dodgerblue ]\n    15 [ label = \"publisherType#products\", shape=box, color=dodgerblue ]\n    16 [ label = \"FedEntity#agency\", shape=parallelogram, color=dodgerblue ]\n    17 [ label = \"companyName#agency\", shape=box, color=dodgerblue ]\n    18 [ label = \"id#products\", shape=box, color=dodgerblue ]\n    19 [ label = \"email#products\", shape=box, color=dodgerblue ]\n    20 [ label = \"publisherType#products\", shape=box, color=dodgerblue ]\n    21 [ label = \"FedEntity#agency\", shape=parallelogram, color=dodgerblue ]\n    22 [ label = \"companyName#agency\", shape=box, color=dodgerblue ]\n    23 [ label = \"id#products\", shape=box, color=dodgerblue ]\n    24 [ label = \"email#products\", shape=box, color=dodgerblue ]\n    25 [ label = \"id#products\", shape=box, color=dodgerblue ]\n    0 -> 12 [ label = \"\" ]\n    0 -> 13 [ label = \"\", color=royalblue,fontcolor=royalblue ]\n    0 -> 13 [ label = \"\", style=dashed,arrowhead=none ]\n    13 -> 14 [ label = \"\", color=royalblue,fontcolor=royalblue ]\n    14 -> 12 [ label = \"\", color=violet,arrowhead=none ]\n    12 -> 11 [ label = \"\" ]\n    14 -> 15 [ label = \"\", color=royalblue,fontcolor=royalblue ]\n    15 -> 11 [ label = \"\", color=violet,arrowhead=none ]\n    11 -> 10 [ label = \"\" ]\n    15 -> 16 [ label = \"\", color=royalblue,fontcolor=royalblue ]\n    11 -> 16 [ label = \"\", style=dashed,arrowhead=none ]\n    16 -> 17 [ label = \"\", color=royalblue,fontcolor=royalblue ]\n    17 -> 10 [ label = \"\", color=violet,arrowhead=none ]\n    11 -> 9 [ label = \"\" ]\n    15 -> 18 [ label = \"\", color=royalblue,fontcolor=royalblue ]\n    18 -> 9 [ label = \"\", color=violet,arrowhead=none ]\n    11 -> 8 [ label = \"\" ]\n    15 -> 19 [ label = \"\", color=royalblue,fontcolor=royalblue ]\n    19 -> 8 [ label = \"\", color=violet,arrowhead=none ]\n    12 -> 6 [ label = \"\" ]\n    14 -> 20 [ label = \"\", color=royalblue,fontcolor=royalblue ]\n    20 -> 6 [ label = \"\", color=violet,arrowhead=none ]\n    6 -> 5 [ label = \"\" ]\n    20 -> 21 [ label = \"\", color=royalblue,fontcolor=royalblue ]\n    6 -> 21 [ label = \"\", style=dashed,arrowhead=none ]\n    21 -> 22 [ label = \"\", color=royalblue,fontcolor=royalblue ]\n    22 -> 5 [ label = \"\", color=violet,arrowhead=none ]\n    6 -> 4 [ label = \"\" ]\n    20 -> 23 [ label = \"\", color=royalblue,fontcolor=royalblue ]\n    23 -> 4 [ label = \"\", color=violet,arrowhead=none ]\n    6 -> 3 [ label = \"\" ]\n    20 -> 24 [ label = \"\", color=royalblue,fontcolor=royalblue ]\n    24 -> 3 [ label = \"\", color=violet,arrowhead=none ]\n    12 -> 1 [ label = \"\" ]\n    14 -> 25 [ label = \"\", color=royalblue,fontcolor=royalblue ]\n    25 -> 1 [ label = \"\", color=violet,arrowhead=none ]\n    21 -> 4 [ label = \"\", color=orangered,arrowhead=inv ]\n    16 -> 9 [ label = \"\", color=orangered,arrowhead=inv ]\n}\n"
---
digraph {
    0 [ root]
    1 [ Product.id]
    3 [ Self.email]
    4 [ Agency.id]
    5 [ Agency.companyName]
    6 [ Book.publisherType]
    8 [ Self.email]
    9 [ Agency.id]
    10 [ Agency.companyName]
    11 [ Magazine.publisherType]
    12 [ Query.products]
    13 [ Root#products]
    14 [ products#products]
    15 [ publisherType#products]
    16 [ FedEntity#agency]
    17 [ companyName#agency]
    18 [ id#products]
    19 [ email#products]
    20 [ publisherType#products]
    21 [ FedEntity#agency]
    22 [ companyName#agency]
    23 [ id#products]
    24 [ email#products]
    25 [ id#products]
    0 -> 12 [ label = "Field" ]
    0 -> 13 [ label = "CreateChildResolver" ]
    0 -> 13 [ label = "HasChildResolver" ]
    13 -> 14 [ label = "CanProvide" ]
    14 -> 12 [ label = "Provides" ]
    12 -> 11 [ label = "Field" ]
    14 -> 15 [ label = "CanProvide" ]
    15 -> 11 [ label = "Provides" ]
    11 -> 10 [ label = "Field" ]
    15 -> 16 [ label = "CreateChildResolver" ]
    11 -> 16 [ label = "HasChildResolver" ]
    16 -> 17 [ label = "CanProvide" ]
    17 -> 10 [ label = "Provides" ]
    11 -> 9 [ label = "Field" ]
    15 -> 18 [ label = "CanProvide" ]
    18 -> 9 [ label = "Provides" ]
    11 -> 8 [ label = "Field" ]
    15 -> 19 [ label = "CanProvide" ]
    19 -> 8 [ label = "Provides" ]
    12 -> 6 [ label = "Field" ]
    14 -> 20 [ label = "CanProvide" ]
    20 -> 6 [ label = "Provides" ]
    6 -> 5 [ label = "Field" ]
    20 -> 21 [ label = "CreateChildResolver" ]
    6 -> 21 [ label = "HasChildResolver" ]
    21 -> 22 [ label = "CanProvide" ]
    22 -> 5 [ label = "Provides" ]
    6 -> 4 [ label = "Field" ]
    20 -> 23 [ label = "CanProvide" ]
    23 -> 4 [ label = "Provides" ]
    6 -> 3 [ label = "Field" ]
    20 -> 24 [ label = "CanProvide" ]
    24 -> 3 [ label = "Provides" ]
    12 -> 1 [ label = "Field" ]
    14 -> 25 [ label = "CanProvide" ]
    25 -> 1 [ label = "Provides" ]
    21 -> 4 [ label = "Requires" ]
    16 -> 9 [ label = "Requires" ]
}
