---
source: crates/engine/query-solver/src/tests/abstract_types.rs
expression: "digraph {\n    0 [ label = \"root\" ]\n    1 [ label = \"Product.id\" ]\n    2 [ label = \"Product.sku\" ]\n    6 [ label = \"Query.similar\" ]\n    7 [ label = \"Root#products\", shape=parallelogram, color=dodgerblue ]\n    8 [ label = \"similar#products\", shape=box, color=dodgerblue ]\n    9 [ label = \"sku#products\", shape=box, color=dodgerblue ]\n    10 [ label = \"id#products\", shape=box, color=dodgerblue ]\n    11 [ label = \"DeliveryEstimates.fastestDelivery\" ]\n    12 [ label = \"DeliveryEstimates.estimatedDelivery\" ]\n    13 [ label = \"Book.delivery\" ]\n    14 [ label = \"FedEntity#inventory\", shape=parallelogram, color=dodgerblue ]\n    15 [ label = \"delivery#inventory\", shape=box, color=dodgerblue ]\n    16 [ label = \"estimatedDelivery#inventory\", shape=box, color=dodgerblue ]\n    17 [ label = \"fastestDelivery#inventory\", shape=box, color=dodgerblue ]\n    18 [ label = \"*Book.dimensions\" ]\n    19 [ label = \"dimensions#products\", shape=box, color=dodgerblue ]\n    20 [ label = \"*ProductDimension.size\" ]\n    21 [ label = \"*ProductDimension.weight\" ]\n    22 [ label = \"weight#products\", shape=box, color=dodgerblue ]\n    23 [ label = \"size#products\", shape=box, color=dodgerblue ]\n    24 [ label = \"*Book.id\" ]\n    25 [ label = \"id#products\", shape=box, color=dodgerblue ]\n    26 [ label = \"DeliveryEstimates.fastestDelivery\" ]\n    27 [ label = \"DeliveryEstimates.estimatedDelivery\" ]\n    28 [ label = \"Magazine.delivery\" ]\n    29 [ label = \"FedEntity#inventory\", shape=parallelogram, color=dodgerblue ]\n    30 [ label = \"delivery#inventory\", shape=box, color=dodgerblue ]\n    31 [ label = \"estimatedDelivery#inventory\", shape=box, color=dodgerblue ]\n    32 [ label = \"fastestDelivery#inventory\", shape=box, color=dodgerblue ]\n    33 [ label = \"*Magazine.dimensions\" ]\n    34 [ label = \"dimensions#products\", shape=box, color=dodgerblue ]\n    35 [ label = \"*ProductDimension.size\" ]\n    36 [ label = \"*ProductDimension.weight\" ]\n    37 [ label = \"weight#products\", shape=box, color=dodgerblue ]\n    38 [ label = \"size#products\", shape=box, color=dodgerblue ]\n    39 [ label = \"*Magazine.id\" ]\n    40 [ label = \"id#products\", shape=box, color=dodgerblue ]\n    0 -> 6 [ label = \"\" ]\n    0 -> 7 [ label = \"\", color=royalblue,fontcolor=royalblue ]\n    0 -> 7 [ label = \"\", style=dashed,arrowhead=none ]\n    7 -> 8 [ label = \"\", color=royalblue,fontcolor=royalblue ]\n    8 -> 6 [ label = \"\", color=violet,arrowhead=none ]\n    6 -> 2 [ label = \"\" ]\n    8 -> 9 [ label = \"\", color=royalblue,fontcolor=royalblue ]\n    9 -> 2 [ label = \"\", color=violet,arrowhead=none ]\n    6 -> 1 [ label = \"\" ]\n    8 -> 10 [ label = \"\", color=royalblue,fontcolor=royalblue ]\n    10 -> 1 [ label = \"\", color=violet,arrowhead=none ]\n    6 -> 13 [ label = \"\" ]\n    8 -> 14 [ label = \"\", color=royalblue,fontcolor=royalblue ]\n    6 -> 14 [ label = \"\", style=dashed,arrowhead=none ]\n    14 -> 15 [ label = \"\", color=royalblue,fontcolor=royalblue ]\n    15 -> 13 [ label = \"\", color=violet,arrowhead=none ]\n    13 -> 12 [ label = \"\" ]\n    15 -> 16 [ label = \"\", color=royalblue,fontcolor=royalblue ]\n    16 -> 12 [ label = \"\", color=violet,arrowhead=none ]\n    13 -> 11 [ label = \"\" ]\n    15 -> 17 [ label = \"\", color=royalblue,fontcolor=royalblue ]\n    17 -> 11 [ label = \"\", color=violet,arrowhead=none ]\n    15 -> 18 [ label = \"\", color=orangered,arrowhead=inv ]\n    6 -> 18 [ label = \"\" ]\n    8 -> 19 [ label = \"\", color=royalblue,fontcolor=royalblue ]\n    19 -> 18 [ label = \"\", color=violet,arrowhead=none ]\n    15 -> 20 [ label = \"\", color=orangered,arrowhead=inv ]\n    15 -> 21 [ label = \"\", color=orangered,arrowhead=inv ]\n    18 -> 21 [ label = \"\" ]\n    19 -> 22 [ label = \"\", color=royalblue,fontcolor=royalblue ]\n    22 -> 21 [ label = \"\", color=violet,arrowhead=none ]\n    18 -> 20 [ label = \"\" ]\n    19 -> 23 [ label = \"\", color=royalblue,fontcolor=royalblue ]\n    23 -> 20 [ label = \"\", color=violet,arrowhead=none ]\n    14 -> 24 [ label = \"\", color=orangered,arrowhead=inv ]\n    6 -> 24 [ label = \"\" ]\n    8 -> 25 [ label = \"\", color=royalblue,fontcolor=royalblue ]\n    25 -> 24 [ label = \"\", color=violet,arrowhead=none ]\n    6 -> 28 [ label = \"\" ]\n    8 -> 29 [ label = \"\", color=royalblue,fontcolor=royalblue ]\n    6 -> 29 [ label = \"\", style=dashed,arrowhead=none ]\n    29 -> 30 [ label = \"\", color=royalblue,fontcolor=royalblue ]\n    30 -> 28 [ label = \"\", color=violet,arrowhead=none ]\n    28 -> 27 [ label = \"\" ]\n    30 -> 31 [ label = \"\", color=royalblue,fontcolor=royalblue ]\n    31 -> 27 [ label = \"\", color=violet,arrowhead=none ]\n    28 -> 26 [ label = \"\" ]\n    30 -> 32 [ label = \"\", color=royalblue,fontcolor=royalblue ]\n    32 -> 26 [ label = \"\", color=violet,arrowhead=none ]\n    30 -> 33 [ label = \"\", color=orangered,arrowhead=inv ]\n    6 -> 33 [ label = \"\" ]\n    8 -> 34 [ label = \"\", color=royalblue,fontcolor=royalblue ]\n    34 -> 33 [ label = \"\", color=violet,arrowhead=none ]\n    30 -> 35 [ label = \"\", color=orangered,arrowhead=inv ]\n    30 -> 36 [ label = \"\", color=orangered,arrowhead=inv ]\n    33 -> 36 [ label = \"\" ]\n    34 -> 37 [ label = \"\", color=royalblue,fontcolor=royalblue ]\n    37 -> 36 [ label = \"\", color=violet,arrowhead=none ]\n    33 -> 35 [ label = \"\" ]\n    34 -> 38 [ label = \"\", color=royalblue,fontcolor=royalblue ]\n    38 -> 35 [ label = \"\", color=violet,arrowhead=none ]\n    29 -> 39 [ label = \"\", color=orangered,arrowhead=inv ]\n    6 -> 39 [ label = \"\" ]\n    8 -> 40 [ label = \"\", color=royalblue,fontcolor=royalblue ]\n    40 -> 39 [ label = \"\", color=violet,arrowhead=none ]\n}\n"
---
digraph {
    0 [ root]
    1 [ Product.id]
    2 [ Product.sku]
    6 [ Query.similar]
    7 [ Root#products]
    8 [ similar#products]
    9 [ sku#products]
    10 [ id#products]
    11 [ DeliveryEstimates.fastestDelivery]
    12 [ DeliveryEstimates.estimatedDelivery]
    13 [ Book.delivery]
    14 [ FedEntity#inventory]
    15 [ delivery#inventory]
    16 [ estimatedDelivery#inventory]
    17 [ fastestDelivery#inventory]
    18 [ *Book.dimensions]
    19 [ dimensions#products]
    20 [ *ProductDimension.size]
    21 [ *ProductDimension.weight]
    22 [ weight#products]
    23 [ size#products]
    24 [ *Book.id]
    25 [ id#products]
    26 [ DeliveryEstimates.fastestDelivery]
    27 [ DeliveryEstimates.estimatedDelivery]
    28 [ Magazine.delivery]
    29 [ FedEntity#inventory]
    30 [ delivery#inventory]
    31 [ estimatedDelivery#inventory]
    32 [ fastestDelivery#inventory]
    33 [ *Magazine.dimensions]
    34 [ dimensions#products]
    35 [ *ProductDimension.size]
    36 [ *ProductDimension.weight]
    37 [ weight#products]
    38 [ size#products]
    39 [ *Magazine.id]
    40 [ id#products]
    0 -> 6 [ label = "Field" ]
    0 -> 7 [ label = "CreateChildResolver" ]
    0 -> 7 [ label = "HasChildResolver" ]
    7 -> 8 [ label = "CanProvide" ]
    8 -> 6 [ label = "Provides" ]
    6 -> 2 [ label = "Field" ]
    8 -> 9 [ label = "CanProvide" ]
    9 -> 2 [ label = "Provides" ]
    6 -> 1 [ label = "Field" ]
    8 -> 10 [ label = "CanProvide" ]
    10 -> 1 [ label = "Provides" ]
    6 -> 13 [ label = "Field" ]
    8 -> 14 [ label = "CreateChildResolver" ]
    6 -> 14 [ label = "HasChildResolver" ]
    14 -> 15 [ label = "CanProvide" ]
    15 -> 13 [ label = "Provides" ]
    13 -> 12 [ label = "Field" ]
    15 -> 16 [ label = "CanProvide" ]
    16 -> 12 [ label = "Provides" ]
    13 -> 11 [ label = "Field" ]
    15 -> 17 [ label = "CanProvide" ]
    17 -> 11 [ label = "Provides" ]
    15 -> 18 [ label = "Requires" ]
    6 -> 18 [ label = "Field" ]
    8 -> 19 [ label = "CanProvide" ]
    19 -> 18 [ label = "Provides" ]
    15 -> 20 [ label = "Requires" ]
    15 -> 21 [ label = "Requires" ]
    18 -> 21 [ label = "Field" ]
    19 -> 22 [ label = "CanProvide" ]
    22 -> 21 [ label = "Provides" ]
    18 -> 20 [ label = "Field" ]
    19 -> 23 [ label = "CanProvide" ]
    23 -> 20 [ label = "Provides" ]
    14 -> 24 [ label = "Requires" ]
    6 -> 24 [ label = "Field" ]
    8 -> 25 [ label = "CanProvide" ]
    25 -> 24 [ label = "Provides" ]
    6 -> 28 [ label = "Field" ]
    8 -> 29 [ label = "CreateChildResolver" ]
    6 -> 29 [ label = "HasChildResolver" ]
    29 -> 30 [ label = "CanProvide" ]
    30 -> 28 [ label = "Provides" ]
    28 -> 27 [ label = "Field" ]
    30 -> 31 [ label = "CanProvide" ]
    31 -> 27 [ label = "Provides" ]
    28 -> 26 [ label = "Field" ]
    30 -> 32 [ label = "CanProvide" ]
    32 -> 26 [ label = "Provides" ]
    30 -> 33 [ label = "Requires" ]
    6 -> 33 [ label = "Field" ]
    8 -> 34 [ label = "CanProvide" ]
    34 -> 33 [ label = "Provides" ]
    30 -> 35 [ label = "Requires" ]
    30 -> 36 [ label = "Requires" ]
    33 -> 36 [ label = "Field" ]
    34 -> 37 [ label = "CanProvide" ]
    37 -> 36 [ label = "Provides" ]
    33 -> 35 [ label = "Field" ]
    34 -> 38 [ label = "CanProvide" ]
    38 -> 35 [ label = "Provides" ]
    29 -> 39 [ label = "Requires" ]
    6 -> 39 [ label = "Field" ]
    8 -> 40 [ label = "CanProvide" ]
    40 -> 39 [ label = "Provides" ]
}
