---
source: crates/engine/query-solver/src/tests/abstract_types.rs
expression: "digraph {\n    0 [ label = \"root\" ]\n    1 [ label = \"Product.id\" ]\n    2 [ label = \"Book.sku\" ]\n    3 [ label = \"FedEntity#products\", shape=parallelogram, color=dodgerblue ]\n    4 [ label = \"sku#products\", shape=box, color=dodgerblue ]\n    5 [ label = \"*Book.id\" ]\n    6 [ label = \"id#reviews\", shape=box, color=dodgerblue ]\n    7 [ label = \"Query.products\" ]\n    8 [ label = \"Root#products\", shape=parallelogram, color=dodgerblue ]\n    9 [ label = \"products#products\", shape=box, color=dodgerblue ]\n    10 [ label = \"id#products\", shape=box, color=dodgerblue ]\n    12 [ label = \"Book.reviewsCount\" ]\n    13 [ label = \"Magazine.title\" ]\n    14 [ label = \"Review.product\" ]\n    15 [ label = \"Book.reviews\" ]\n    16 [ label = \"FedEntity#reviews\", shape=parallelogram, color=dodgerblue ]\n    17 [ label = \"reviews#reviews\", shape=box, color=dodgerblue ]\n    18 [ label = \"product#reviews\", shape=box, color=dodgerblue ]\n    19 [ label = \"FedEntity#magazines\", shape=parallelogram, color=dodgerblue ]\n    20 [ label = \"title#magazines\", shape=box, color=dodgerblue ]\n    21 [ label = \"reviewsCount#reviews\", shape=box, color=dodgerblue ]\n    22 [ label = \"*Magazine.id\" ]\n    23 [ label = \"id#reviews\", shape=box, color=dodgerblue ]\n    24 [ label = \"*Book.id\" ]\n    25 [ label = \"id#products\", shape=box, color=dodgerblue ]\n    26 [ label = \"Book.sku\" ]\n    27 [ label = \"Book.reviewsCount\" ]\n    28 [ label = \"Magazine.title\" ]\n    29 [ label = \"Review.product\" ]\n    30 [ label = \"Magazine.reviews\" ]\n    31 [ label = \"FedEntity#reviews\", shape=parallelogram, color=dodgerblue ]\n    32 [ label = \"reviews#reviews\", shape=box, color=dodgerblue ]\n    33 [ label = \"product#reviews\", shape=box, color=dodgerblue ]\n    34 [ label = \"FedEntity#magazines\", shape=parallelogram, color=dodgerblue ]\n    35 [ label = \"title#magazines\", shape=box, color=dodgerblue ]\n    36 [ label = \"reviewsCount#reviews\", shape=box, color=dodgerblue ]\n    37 [ label = \"*Magazine.id\" ]\n    38 [ label = \"id#reviews\", shape=box, color=dodgerblue ]\n    39 [ label = \"*Magazine.id\" ]\n    40 [ label = \"id#products\", shape=box, color=dodgerblue ]\n    41 [ label = \"Magazine.sku\" ]\n    42 [ label = \"FedEntity#products\", shape=parallelogram, color=dodgerblue ]\n    43 [ label = \"sku#products\", shape=box, color=dodgerblue ]\n    44 [ label = \"FedEntity#products\", shape=parallelogram, color=dodgerblue ]\n    45 [ label = \"sku#products\", shape=box, color=dodgerblue ]\n    46 [ label = \"*Book.id\" ]\n    47 [ label = \"id#reviews\", shape=box, color=dodgerblue ]\n    48 [ label = \"Magazine.sku\" ]\n    49 [ label = \"FedEntity#products\", shape=parallelogram, color=dodgerblue ]\n    50 [ label = \"sku#products\", shape=box, color=dodgerblue ]\n    0 -> 7 [ label = \"\" ]\n    0 -> 8 [ label = \"\", color=royalblue,fontcolor=royalblue ]\n    0 -> 8 [ label = \"\", style=dashed,arrowhead=none ]\n    8 -> 9 [ label = \"\", color=royalblue,fontcolor=royalblue ]\n    9 -> 7 [ label = \"\", color=violet,arrowhead=none ]\n    29 -> 2 [ label = \"\" ]\n    7 -> 1 [ label = \"\" ]\n    9 -> 10 [ label = \"\", color=royalblue,fontcolor=royalblue ]\n    10 -> 1 [ label = \"\", color=violet,arrowhead=none ]\n    7 -> 15 [ label = \"\" ]\n    9 -> 16 [ label = \"\", color=royalblue,fontcolor=royalblue ]\n    7 -> 16 [ label = \"\", style=dashed,arrowhead=none ]\n    16 -> 17 [ label = \"\", color=royalblue,fontcolor=royalblue ]\n    17 -> 15 [ label = \"\", color=violet,arrowhead=none ]\n    15 -> 14 [ label = \"\" ]\n    17 -> 18 [ label = \"\", color=royalblue,fontcolor=royalblue ]\n    18 -> 14 [ label = \"\", color=violet,arrowhead=none ]\n    14 -> 13 [ label = \"\" ]\n    18 -> 19 [ label = \"\", color=royalblue,fontcolor=royalblue ]\n    14 -> 19 [ label = \"\", style=dashed,arrowhead=none ]\n    19 -> 20 [ label = \"\", color=royalblue,fontcolor=royalblue ]\n    20 -> 13 [ label = \"\", color=violet,arrowhead=none ]\n    14 -> 12 [ label = \"\" ]\n    18 -> 21 [ label = \"\", color=royalblue,fontcolor=royalblue ]\n    21 -> 12 [ label = \"\", color=violet,arrowhead=none ]\n    19 -> 22 [ label = \"\", color=orangered,arrowhead=inv ]\n    14 -> 22 [ label = \"\" ]\n    18 -> 23 [ label = \"\", color=royalblue,fontcolor=royalblue ]\n    23 -> 22 [ label = \"\", color=violet,arrowhead=none ]\n    16 -> 24 [ label = \"\", color=orangered,arrowhead=inv ]\n    7 -> 24 [ label = \"\" ]\n    9 -> 25 [ label = \"\", color=royalblue,fontcolor=royalblue ]\n    25 -> 24 [ label = \"\", color=violet,arrowhead=none ]\n    7 -> 30 [ label = \"\" ]\n    9 -> 31 [ label = \"\", color=royalblue,fontcolor=royalblue ]\n    7 -> 31 [ label = \"\", style=dashed,arrowhead=none ]\n    31 -> 32 [ label = \"\", color=royalblue,fontcolor=royalblue ]\n    32 -> 30 [ label = \"\", color=violet,arrowhead=none ]\n    30 -> 29 [ label = \"\" ]\n    32 -> 33 [ label = \"\", color=royalblue,fontcolor=royalblue ]\n    33 -> 29 [ label = \"\", color=violet,arrowhead=none ]\n    29 -> 28 [ label = \"\" ]\n    33 -> 34 [ label = \"\", color=royalblue,fontcolor=royalblue ]\n    29 -> 34 [ label = \"\", style=dashed,arrowhead=none ]\n    34 -> 35 [ label = \"\", color=royalblue,fontcolor=royalblue ]\n    35 -> 28 [ label = \"\", color=violet,arrowhead=none ]\n    29 -> 27 [ label = \"\" ]\n    33 -> 36 [ label = \"\", color=royalblue,fontcolor=royalblue ]\n    36 -> 27 [ label = \"\", color=violet,arrowhead=none ]\n    14 -> 26 [ label = \"\" ]\n    34 -> 37 [ label = \"\", color=orangered,arrowhead=inv ]\n    29 -> 37 [ label = \"\" ]\n    33 -> 38 [ label = \"\", color=royalblue,fontcolor=royalblue ]\n    38 -> 37 [ label = \"\", color=violet,arrowhead=none ]\n    31 -> 39 [ label = \"\", color=orangered,arrowhead=inv ]\n    7 -> 39 [ label = \"\" ]\n    9 -> 40 [ label = \"\", color=royalblue,fontcolor=royalblue ]\n    40 -> 39 [ label = \"\", color=violet,arrowhead=none ]\n    33 -> 3 [ label = \"\", color=royalblue,fontcolor=royalblue ]\n    29 -> 3 [ label = \"\", style=dashed,arrowhead=none ]\n    3 -> 4 [ label = \"\", color=royalblue,fontcolor=royalblue ]\n    4 -> 2 [ label = \"\", color=violet,arrowhead=none ]\n    3 -> 5 [ label = \"\", color=orangered,arrowhead=inv ]\n    29 -> 5 [ label = \"\" ]\n    33 -> 6 [ label = \"\", color=royalblue,fontcolor=royalblue ]\n    6 -> 5 [ label = \"\", color=violet,arrowhead=none ]\n    29 -> 41 [ label = \"\" ]\n    33 -> 42 [ label = \"\", color=royalblue,fontcolor=royalblue ]\n    29 -> 42 [ label = \"\", style=dashed,arrowhead=none ]\n    42 -> 43 [ label = \"\", color=royalblue,fontcolor=royalblue ]\n    43 -> 41 [ label = \"\", color=violet,arrowhead=none ]\n    42 -> 37 [ label = \"\", color=orangered,arrowhead=inv ]\n    18 -> 44 [ label = \"\", color=royalblue,fontcolor=royalblue ]\n    14 -> 44 [ label = \"\", style=dashed,arrowhead=none ]\n    44 -> 45 [ label = \"\", color=royalblue,fontcolor=royalblue ]\n    45 -> 26 [ label = \"\", color=violet,arrowhead=none ]\n    44 -> 46 [ label = \"\", color=orangered,arrowhead=inv ]\n    14 -> 46 [ label = \"\" ]\n    18 -> 47 [ label = \"\", color=royalblue,fontcolor=royalblue ]\n    47 -> 46 [ label = \"\", color=violet,arrowhead=none ]\n    14 -> 48 [ label = \"\" ]\n    18 -> 49 [ label = \"\", color=royalblue,fontcolor=royalblue ]\n    14 -> 49 [ label = \"\", style=dashed,arrowhead=none ]\n    49 -> 50 [ label = \"\", color=royalblue,fontcolor=royalblue ]\n    50 -> 48 [ label = \"\", color=violet,arrowhead=none ]\n    49 -> 22 [ label = \"\", color=orangered,arrowhead=inv ]\n}\n"
---
digraph {
    0 [ root]
    1 [ Product.id]
    2 [ Book.sku]
    3 [ FedEntity#products]
    4 [ sku#products]
    5 [ *Book.id]
    6 [ id#reviews]
    7 [ Query.products]
    8 [ Root#products]
    9 [ products#products]
    10 [ id#products]
    12 [ Book.reviewsCount]
    13 [ Magazine.title]
    14 [ Review.product]
    15 [ Book.reviews]
    16 [ FedEntity#reviews]
    17 [ reviews#reviews]
    18 [ product#reviews]
    19 [ FedEntity#magazines]
    20 [ title#magazines]
    21 [ reviewsCount#reviews]
    22 [ *Magazine.id]
    23 [ id#reviews]
    24 [ *Book.id]
    25 [ id#products]
    26 [ Book.sku]
    27 [ Book.reviewsCount]
    28 [ Magazine.title]
    29 [ Review.product]
    30 [ Magazine.reviews]
    31 [ FedEntity#reviews]
    32 [ reviews#reviews]
    33 [ product#reviews]
    34 [ FedEntity#magazines]
    35 [ title#magazines]
    36 [ reviewsCount#reviews]
    37 [ *Magazine.id]
    38 [ id#reviews]
    39 [ *Magazine.id]
    40 [ id#products]
    41 [ Magazine.sku]
    42 [ FedEntity#products]
    43 [ sku#products]
    44 [ FedEntity#products]
    45 [ sku#products]
    46 [ *Book.id]
    47 [ id#reviews]
    48 [ Magazine.sku]
    49 [ FedEntity#products]
    50 [ sku#products]
    0 -> 7 [ label = "Field" ]
    0 -> 8 [ label = "CreateChildResolver" ]
    0 -> 8 [ label = "HasChildResolver" ]
    8 -> 9 [ label = "CanProvide" ]
    9 -> 7 [ label = "Provides" ]
    29 -> 2 [ label = "Field" ]
    7 -> 1 [ label = "Field" ]
    9 -> 10 [ label = "CanProvide" ]
    10 -> 1 [ label = "Provides" ]
    7 -> 15 [ label = "Field" ]
    9 -> 16 [ label = "CreateChildResolver" ]
    7 -> 16 [ label = "HasChildResolver" ]
    16 -> 17 [ label = "CanProvide" ]
    17 -> 15 [ label = "Provides" ]
    15 -> 14 [ label = "Field" ]
    17 -> 18 [ label = "CanProvide" ]
    18 -> 14 [ label = "Provides" ]
    14 -> 13 [ label = "Field" ]
    18 -> 19 [ label = "CreateChildResolver" ]
    14 -> 19 [ label = "HasChildResolver" ]
    19 -> 20 [ label = "CanProvide" ]
    20 -> 13 [ label = "Provides" ]
    14 -> 12 [ label = "Field" ]
    18 -> 21 [ label = "CanProvide" ]
    21 -> 12 [ label = "Provides" ]
    19 -> 22 [ label = "Requires" ]
    14 -> 22 [ label = "Field" ]
    18 -> 23 [ label = "CanProvide" ]
    23 -> 22 [ label = "Provides" ]
    16 -> 24 [ label = "Requires" ]
    7 -> 24 [ label = "Field" ]
    9 -> 25 [ label = "CanProvide" ]
    25 -> 24 [ label = "Provides" ]
    7 -> 30 [ label = "Field" ]
    9 -> 31 [ label = "CreateChildResolver" ]
    7 -> 31 [ label = "HasChildResolver" ]
    31 -> 32 [ label = "CanProvide" ]
    32 -> 30 [ label = "Provides" ]
    30 -> 29 [ label = "Field" ]
    32 -> 33 [ label = "CanProvide" ]
    33 -> 29 [ label = "Provides" ]
    29 -> 28 [ label = "Field" ]
    33 -> 34 [ label = "CreateChildResolver" ]
    29 -> 34 [ label = "HasChildResolver" ]
    34 -> 35 [ label = "CanProvide" ]
    35 -> 28 [ label = "Provides" ]
    29 -> 27 [ label = "Field" ]
    33 -> 36 [ label = "CanProvide" ]
    36 -> 27 [ label = "Provides" ]
    14 -> 26 [ label = "Field" ]
    34 -> 37 [ label = "Requires" ]
    29 -> 37 [ label = "Field" ]
    33 -> 38 [ label = "CanProvide" ]
    38 -> 37 [ label = "Provides" ]
    31 -> 39 [ label = "Requires" ]
    7 -> 39 [ label = "Field" ]
    9 -> 40 [ label = "CanProvide" ]
    40 -> 39 [ label = "Provides" ]
    33 -> 3 [ label = "CreateChildResolver" ]
    29 -> 3 [ label = "HasChildResolver" ]
    3 -> 4 [ label = "CanProvide" ]
    4 -> 2 [ label = "Provides" ]
    3 -> 5 [ label = "Requires" ]
    29 -> 5 [ label = "Field" ]
    33 -> 6 [ label = "CanProvide" ]
    6 -> 5 [ label = "Provides" ]
    29 -> 41 [ label = "Field" ]
    33 -> 42 [ label = "CreateChildResolver" ]
    29 -> 42 [ label = "HasChildResolver" ]
    42 -> 43 [ label = "CanProvide" ]
    43 -> 41 [ label = "Provides" ]
    42 -> 37 [ label = "Requires" ]
    18 -> 44 [ label = "CreateChildResolver" ]
    14 -> 44 [ label = "HasChildResolver" ]
    44 -> 45 [ label = "CanProvide" ]
    45 -> 26 [ label = "Provides" ]
    44 -> 46 [ label = "Requires" ]
    14 -> 46 [ label = "Field" ]
    18 -> 47 [ label = "CanProvide" ]
    47 -> 46 [ label = "Provides" ]
    14 -> 48 [ label = "Field" ]
    18 -> 49 [ label = "CreateChildResolver" ]
    14 -> 49 [ label = "HasChildResolver" ]
    49 -> 50 [ label = "CanProvide" ]
    50 -> 48 [ label = "Provides" ]
    49 -> 22 [ label = "Requires" ]
}
