---
source: crates/engine/query-solver/src/tests/typename.rs
expression: "digraph {\n    0 [ label = \"root\", color=forestgreen ]\n    1 [ label = \"Query.topProducts\", color=forestgreen ]\n    2 [ label = \"__typename\", color=forestgreen ]\n    3 [ label = \"Root#products\", shape=parallelogram, color=dodgerblue, color=forestgreen ]\n    4 [ label = \"topProducts#products\", shape=box, color=dodgerblue, color=forestgreen ]\n    5 [ label=\"\", style=dashed]\n    1 -> 2 [ label = \"\", color=forestgreen,fontcolor=forestgreen ]\n    0 -> 3 [ label = \"\", color=forestgreen,fontcolor=forestgreen ]\n    3 -> 4 [ label = \"\", color=forestgreen,fontcolor=forestgreen ]\n    4 -> 1 [ label = \"\", color=forestgreen,fontcolor=forestgreen ]\n    5 -> 0 [ label = \"\", color=royalblue,fontcolor=royalblue,style=dashed ]\n}\n"
---
digraph {
    0 [ label = "root", steiner=1 ]
    1 [ label = "Query.topProducts", steiner=1 ]
    2 [ label = "__typename", steiner=1 ]
    3 [ label = "Root#products", steiner=1 ]
    4 [ label = "topProducts#products", steiner=1 ]
    5 [ label="", style=dashed]
    1 -> 2 [ cost=0, steiner=1]
    0 -> 3 [ cost=0, steiner=1]
    3 -> 4 [ cost=0, steiner=1]
    4 -> 1 [ cost=0, steiner=1]
    5 -> 0 [ cost=0, steiner=0]
}
