---
source: crates/engine/query-solver/src/tests/mutation.rs
expression: "digraph {\n    0 [ label = \"root\" ]\n    1 [ label = \"Mutation.createUser\" ]\n    2 [ label = \"Mutation.createProduct\" ]\n    3 [ label = \"Mutation.createReview\" ]\n    4 [ label = \"Mutation.updateProduct\" ]\n    5 [ label = \"Mutation.updateUser\" ]\n    6 [ label = \"Mutation.updateReview\" ]\n    7 [ label = \"User.id\" ]\n    8 [ label = \"Product.upc\" ]\n    9 [ label = \"Review.id\" ]\n    10 [ label = \"Product.upc\" ]\n    11 [ label = \"User.id\" ]\n    12 [ label = \"Review.id\" ]\n    13 [ label = \"Root#accounts\", shape=parallelogram, color=dodgerblue ]\n    14 [ label = \"createUser#accounts\", shape=box, color=dodgerblue ]\n    15 [ label = \"id#accounts\", shape=box, color=dodgerblue ]\n    16 [ label = \"Root#products\", shape=parallelogram, color=dodgerblue ]\n    17 [ label = \"createProduct#products\", shape=box, color=dodgerblue ]\n    18 [ label = \"upc#products\", shape=box, color=dodgerblue ]\n    19 [ label = \"Root#reviews\", shape=parallelogram, color=dodgerblue ]\n    20 [ label = \"createReview#reviews\", shape=box, color=dodgerblue ]\n    21 [ label = \"id#reviews\", shape=box, color=dodgerblue ]\n    22 [ label = \"updateProduct#products\", shape=box, color=dodgerblue ]\n    23 [ label = \"upc#products\", shape=box, color=dodgerblue ]\n    24 [ label = \"updateUser#accounts\", shape=box, color=dodgerblue ]\n    25 [ label = \"id#accounts\", shape=box, color=dodgerblue ]\n    26 [ label = \"updateReview#reviews\", shape=box, color=dodgerblue ]\n    27 [ label = \"id#reviews\", shape=box, color=dodgerblue ]\n    0 -> 1 [ label = \"\" ]\n    0 -> 2 [ label = \"\" ]\n    0 -> 3 [ label = \"\" ]\n    0 -> 4 [ label = \"\" ]\n    0 -> 5 [ label = \"\" ]\n    0 -> 6 [ label = \"\" ]\n    1 -> 7 [ label = \"\" ]\n    2 -> 8 [ label = \"\" ]\n    3 -> 9 [ label = \"\" ]\n    4 -> 10 [ label = \"\" ]\n    5 -> 11 [ label = \"\" ]\n    6 -> 12 [ label = \"\" ]\n    0 -> 13 [ label = \"\", color=royalblue,fontcolor=royalblue ]\n    0 -> 13 [ label = \"\", style=dashed,arrowhead=none ]\n    13 -> 14 [ label = \"\", color=royalblue,fontcolor=royalblue ]\n    14 -> 1 [ label = \"\", color=violet,arrowhead=none ]\n    14 -> 15 [ label = \"\", color=royalblue,fontcolor=royalblue ]\n    15 -> 7 [ label = \"\", color=violet,arrowhead=none ]\n    0 -> 16 [ label = \"\", color=royalblue,fontcolor=royalblue ]\n    0 -> 16 [ label = \"\", style=dashed,arrowhead=none ]\n    16 -> 17 [ label = \"\", color=royalblue,fontcolor=royalblue ]\n    17 -> 2 [ label = \"\", color=violet,arrowhead=none ]\n    17 -> 18 [ label = \"\", color=royalblue,fontcolor=royalblue ]\n    18 -> 8 [ label = \"\", color=violet,arrowhead=none ]\n    0 -> 19 [ label = \"\", color=royalblue,fontcolor=royalblue ]\n    0 -> 19 [ label = \"\", style=dashed,arrowhead=none ]\n    19 -> 20 [ label = \"\", color=royalblue,fontcolor=royalblue ]\n    20 -> 3 [ label = \"\", color=violet,arrowhead=none ]\n    20 -> 21 [ label = \"\", color=royalblue,fontcolor=royalblue ]\n    21 -> 9 [ label = \"\", color=violet,arrowhead=none ]\n    16 -> 22 [ label = \"\", color=royalblue,fontcolor=royalblue ]\n    22 -> 4 [ label = \"\", color=violet,arrowhead=none ]\n    22 -> 23 [ label = \"\", color=royalblue,fontcolor=royalblue ]\n    23 -> 10 [ label = \"\", color=violet,arrowhead=none ]\n    13 -> 24 [ label = \"\", color=royalblue,fontcolor=royalblue ]\n    24 -> 5 [ label = \"\", color=violet,arrowhead=none ]\n    24 -> 25 [ label = \"\", color=royalblue,fontcolor=royalblue ]\n    25 -> 11 [ label = \"\", color=violet,arrowhead=none ]\n    19 -> 26 [ label = \"\", color=royalblue,fontcolor=royalblue ]\n    26 -> 6 [ label = \"\", color=violet,arrowhead=none ]\n    26 -> 27 [ label = \"\", color=royalblue,fontcolor=royalblue ]\n    27 -> 12 [ label = \"\", color=violet,arrowhead=none ]\n}\n"
---
digraph {
    0 [ root]
    1 [ Mutation.createUser]
    2 [ Mutation.createProduct]
    3 [ Mutation.createReview]
    4 [ Mutation.updateProduct]
    5 [ Mutation.updateUser]
    6 [ Mutation.updateReview]
    7 [ User.id]
    8 [ Product.upc]
    9 [ Review.id]
    10 [ Product.upc]
    11 [ User.id]
    12 [ Review.id]
    13 [ Root#accounts]
    14 [ createUser#accounts]
    15 [ id#accounts]
    16 [ Root#products]
    17 [ createProduct#products]
    18 [ upc#products]
    19 [ Root#reviews]
    20 [ createReview#reviews]
    21 [ id#reviews]
    22 [ updateProduct#products]
    23 [ upc#products]
    24 [ updateUser#accounts]
    25 [ id#accounts]
    26 [ updateReview#reviews]
    27 [ id#reviews]
    0 -> 1 [ label = "Field" ]
    0 -> 2 [ label = "Field" ]
    0 -> 3 [ label = "Field" ]
    0 -> 4 [ label = "Field" ]
    0 -> 5 [ label = "Field" ]
    0 -> 6 [ label = "Field" ]
    1 -> 7 [ label = "Field" ]
    2 -> 8 [ label = "Field" ]
    3 -> 9 [ label = "Field" ]
    4 -> 10 [ label = "Field" ]
    5 -> 11 [ label = "Field" ]
    6 -> 12 [ label = "Field" ]
    0 -> 13 [ label = "CreateChildResolver" ]
    0 -> 13 [ label = "HasChildResolver" ]
    13 -> 14 [ label = "CanProvide" ]
    14 -> 1 [ label = "Provides" ]
    14 -> 15 [ label = "CanProvide" ]
    15 -> 7 [ label = "Provides" ]
    0 -> 16 [ label = "CreateChildResolver" ]
    0 -> 16 [ label = "HasChildResolver" ]
    16 -> 17 [ label = "CanProvide" ]
    17 -> 2 [ label = "Provides" ]
    17 -> 18 [ label = "CanProvide" ]
    18 -> 8 [ label = "Provides" ]
    0 -> 19 [ label = "CreateChildResolver" ]
    0 -> 19 [ label = "HasChildResolver" ]
    19 -> 20 [ label = "CanProvide" ]
    20 -> 3 [ label = "Provides" ]
    20 -> 21 [ label = "CanProvide" ]
    21 -> 9 [ label = "Provides" ]
    16 -> 22 [ label = "CanProvide" ]
    22 -> 4 [ label = "Provides" ]
    22 -> 23 [ label = "CanProvide" ]
    23 -> 10 [ label = "Provides" ]
    13 -> 24 [ label = "CanProvide" ]
    24 -> 5 [ label = "Provides" ]
    24 -> 25 [ label = "CanProvide" ]
    25 -> 11 [ label = "Provides" ]
    19 -> 26 [ label = "CanProvide" ]
    26 -> 6 [ label = "Provides" ]
    26 -> 27 [ label = "CanProvide" ]
    27 -> 12 [ label = "Provides" ]
}
