---
source: crates/engine/query-solver/src/tests/abstract_types.rs
expression: "digraph {\n    0 [ label = \"root\" ]\n    1 [ label = \"Root#products\", color=royalblue,shape=parallelogram ]\n    2 [ label = \"Query.products\" ]\n    3 [ label = \"Magazine.publisherType\" ]\n    4 [ label = \"FedEntity#agency\", color=royalblue,shape=parallelogram ]\n    5 [ label = \"Agency.companyName\" ]\n    6 [ label = \"Agency.id\" ]\n    7 [ label = \"Self.email\" ]\n    8 [ label = \"Book.publisherType\" ]\n    9 [ label = \"FedEntity#agency\", color=royalblue,shape=parallelogram ]\n    10 [ label = \"Agency.companyName\" ]\n    11 [ label = \"Agency.id\" ]\n    12 [ label = \"Self.email\" ]\n    13 [ label = \"Product.id\" ]\n    0 -> 1 [ label = \"\", color=royalblue,fontcolor=royalblue ]\n    1 -> 2 [ label = \"\" ]\n    2 -> 3 [ label = \"\" ]\n    3 -> 4 [ label = \"\", color=royalblue,fontcolor=royalblue ]\n    4 -> 5 [ label = \"\" ]\n    3 -> 6 [ label = \"\" ]\n    3 -> 7 [ label = \"\" ]\n    2 -> 8 [ label = \"\" ]\n    8 -> 9 [ label = \"\", color=royalblue,fontcolor=royalblue ]\n    9 -> 10 [ label = \"\" ]\n    8 -> 11 [ label = \"\" ]\n    8 -> 12 [ label = \"\" ]\n    2 -> 13 [ label = \"\" ]\n    4 -> 6 [ label = \"\", color=orangered,arrowhead=inv ]\n    9 -> 11 [ label = \"\", color=orangered,arrowhead=inv ]\n}\n"
---
digraph {
    0 [ label = "root" ]
    1 [ label = "Root#products" ]
    2 [ label = "Query.products" ]
    3 [ label = "Magazine.publisherType" ]
    4 [ label = "FedEntity#agency" ]
    5 [ label = "Agency.companyName" ]
    6 [ label = "Agency.id" ]
    7 [ label = "Self.email" ]
    8 [ label = "Book.publisherType" ]
    9 [ label = "FedEntity#agency" ]
    10 [ label = "Agency.companyName" ]
    11 [ label = "Agency.id" ]
    12 [ label = "Self.email" ]
    13 [ label = "Product.id" ]
    0 -> 1 [ label = "QueryPartition" ]
    1 -> 2 [ label = "Field" ]
    2 -> 3 [ label = "Field" ]
    3 -> 4 [ label = "QueryPartition" ]
    4 -> 5 [ label = "Field" ]
    3 -> 6 [ label = "Field" ]
    3 -> 7 [ label = "Field" ]
    2 -> 8 [ label = "Field" ]
    8 -> 9 [ label = "QueryPartition" ]
    9 -> 10 [ label = "Field" ]
    8 -> 11 [ label = "Field" ]
    8 -> 12 [ label = "Field" ]
    2 -> 13 [ label = "Field" ]
    4 -> 6 [ label = "RequiredBySubgraph" ]
    9 -> 11 [ label = "RequiredBySubgraph" ]
}
