---
source: crates/engine/query-solver/src/tests/abstract_types.rs
expression: "digraph {\n    0 [ label = \"root\", color=forestgreen ]\n    1 [ label = \"Product.id\", color=forestgreen ]\n    2 [ label = \"Self.email\", color=forestgreen ]\n    3 [ label = \"Agency.id\", color=forestgreen ]\n    4 [ label = \"Agency.companyName\", color=forestgreen ]\n    5 [ label = \"Self.email\", color=forestgreen ]\n    6 [ label = \"Agency.id\", color=forestgreen ]\n    7 [ label = \"Agency.companyName\", color=forestgreen ]\n    8 [ label = \"Root#products\", shape=parallelogram, color=dodgerblue, color=forestgreen ]\n    9 [ label = \"products#products\", shape=box, color=dodgerblue, color=forestgreen ]\n    10 [ label = \"publisherType#products\", shape=box, color=dodgerblue, color=forestgreen ]\n    11 [ label = \"FedEntity#agency\", shape=parallelogram, color=dodgerblue, color=forestgreen ]\n    12 [ label = \"companyName#agency\", shape=box, color=dodgerblue, color=forestgreen ]\n    13 [ label = \"id#products\", shape=box, color=dodgerblue, color=forestgreen ]\n    14 [ label = \"email#products\", shape=box, color=dodgerblue, color=forestgreen ]\n    15 [ label = \"publisherType#products\", shape=box, color=dodgerblue, color=forestgreen ]\n    16 [ label = \"FedEntity#agency\", shape=parallelogram, color=dodgerblue, color=forestgreen ]\n    17 [ label = \"companyName#agency\", shape=box, color=dodgerblue, color=forestgreen ]\n    18 [ label = \"id#products\", shape=box, color=dodgerblue, color=forestgreen ]\n    19 [ label = \"email#products\", shape=box, color=dodgerblue, color=forestgreen ]\n    20 [ label = \"id#products\", shape=box, color=dodgerblue, color=forestgreen ]\n    21 [ label=\"\", style=dashed]\n    0 -> 8 [ label = \"\", color=forestgreen,fontcolor=forestgreen ]\n    8 -> 9 [ label = \"\", color=forestgreen,fontcolor=forestgreen ]\n    9 -> 10 [ label = \"\", color=forestgreen,fontcolor=forestgreen ]\n    10 -> 11 [ label = \"\", color=forestgreen,fontcolor=forestgreen ]\n    11 -> 12 [ label = \"\", color=forestgreen,fontcolor=forestgreen ]\n    12 -> 7 [ label = \"\", color=forestgreen,fontcolor=forestgreen ]\n    10 -> 13 [ label = \"\", color=forestgreen,fontcolor=forestgreen ]\n    13 -> 6 [ label = \"\", color=forestgreen,fontcolor=forestgreen ]\n    10 -> 14 [ label = \"\", color=forestgreen,fontcolor=forestgreen ]\n    14 -> 5 [ label = \"\", color=forestgreen,fontcolor=forestgreen ]\n    9 -> 15 [ label = \"\", color=forestgreen,fontcolor=forestgreen ]\n    15 -> 16 [ label = \"\", color=forestgreen,fontcolor=forestgreen ]\n    16 -> 17 [ label = \"\", color=forestgreen,fontcolor=forestgreen ]\n    17 -> 4 [ label = \"\", color=forestgreen,fontcolor=forestgreen ]\n    15 -> 18 [ label = \"\", color=forestgreen,fontcolor=forestgreen ]\n    18 -> 3 [ label = \"\", color=forestgreen,fontcolor=forestgreen ]\n    15 -> 19 [ label = \"\", color=forestgreen,fontcolor=forestgreen ]\n    19 -> 2 [ label = \"\", color=forestgreen,fontcolor=forestgreen ]\n    9 -> 20 [ label = \"\", color=forestgreen,fontcolor=forestgreen ]\n    20 -> 1 [ label = \"\", color=forestgreen,fontcolor=forestgreen ]\n    21 -> 0 [ label = \"\", color=royalblue,fontcolor=royalblue,style=dashed ]\n}\n"
---
digraph {
    0 [ label = "root", steiner=1 ]
    1 [ label = "Product.id", steiner=1 ]
    2 [ label = "Self.email", steiner=1 ]
    3 [ label = "Agency.id", steiner=1 ]
    4 [ label = "Agency.companyName", steiner=1 ]
    5 [ label = "Self.email", steiner=1 ]
    6 [ label = "Agency.id", steiner=1 ]
    7 [ label = "Agency.companyName", steiner=1 ]
    8 [ label = "Root#products", steiner=1 ]
    9 [ label = "products#products", steiner=1 ]
    10 [ label = "publisherType#products", steiner=1 ]
    11 [ label = "FedEntity#agency", steiner=1 ]
    12 [ label = "companyName#agency", steiner=1 ]
    13 [ label = "id#products", steiner=1 ]
    14 [ label = "email#products", steiner=1 ]
    15 [ label = "publisherType#products", steiner=1 ]
    16 [ label = "FedEntity#agency", steiner=1 ]
    17 [ label = "companyName#agency", steiner=1 ]
    18 [ label = "id#products", steiner=1 ]
    19 [ label = "email#products", steiner=1 ]
    20 [ label = "id#products", steiner=1 ]
    21 [ label="", style=dashed]
    0 -> 8 [ cost=0, steiner=1]
    8 -> 9 [ cost=0, steiner=1]
    9 -> 10 [ cost=0, steiner=1]
    10 -> 11 [ cost=0, steiner=1]
    11 -> 12 [ cost=0, steiner=1]
    12 -> 7 [ cost=0, steiner=1]
    10 -> 13 [ cost=0, steiner=1]
    13 -> 6 [ cost=0, steiner=1]
    10 -> 14 [ cost=0, steiner=1]
    14 -> 5 [ cost=0, steiner=1]
    9 -> 15 [ cost=0, steiner=1]
    15 -> 16 [ cost=0, steiner=1]
    16 -> 17 [ cost=0, steiner=1]
    17 -> 4 [ cost=0, steiner=1]
    15 -> 18 [ cost=0, steiner=1]
    18 -> 3 [ cost=0, steiner=1]
    15 -> 19 [ cost=0, steiner=1]
    19 -> 2 [ cost=0, steiner=1]
    9 -> 20 [ cost=0, steiner=1]
    20 -> 1 [ cost=0, steiner=1]
    21 -> 0 [ cost=0, steiner=0]
}
