---
source: engine/crates/integration-tests/benches/federation.rs
expression: response
---
{
  "data": {
    "node": {
      "__typename": "Nothing",
      "id": "1234"
    }
  }
}
